// Jest Snapshot v1, https://goo.gl/fbAQLP

exports[`should match snapshot async 1`] = `
Array [
  Array [
    Object {
      "foo": "bar",
    },
  ],
]
`;
